// Jest Snapshot v1, https://goo.gl/fbAQLP

exports[`myProfile Page renders correctly 1`] = `<myProfile />`;
